../Core/Src/main.c:70:6:HAL_GPIO_EXTI_Callback	2
../Core/Src/main.c:80:6:HAL_TIM_PeriodElapsedCallback	1
../Core/Src/main.c:85:6:myDelay	2
../Core/Src/main.c:96:5:__io_putchar	1
../Core/Src/main.c:108:5:main	1
../Core/Src/main.c:187:6:SystemClock_Config	3
../Core/Src/main.c:234:13:MX_TIM2_Init	6
../Core/Src/main.c:293:13:MX_TIM3_Init	4
../Core/Src/main.c:338:13:MX_TIM5_Init	4
../Core/Src/main.c:383:13:MX_USART2_UART_Init	2
../Core/Src/main.c:416:13:MX_GPIO_Init	1
../Core/Src/main.c:450:6:Error_Handler	1
