../Core/Src/main.c:70:6:HAL_GPIO_EXTI_Callback	16	static
../Core/Src/main.c:80:6:HAL_TIM_PeriodElapsedCallback	16	static
../Core/Src/main.c:85:6:myDelay	24	static
../Core/Src/main.c:96:5:__io_putchar	16	static
../Core/Src/main.c:108:5:main	16	static
../Core/Src/main.c:187:6:SystemClock_Config	88	static
../Core/Src/main.c:234:13:MX_TIM2_Init	64	static
../Core/Src/main.c:293:13:MX_TIM3_Init	32	static
../Core/Src/main.c:338:13:MX_TIM5_Init	32	static
../Core/Src/main.c:383:13:MX_USART2_UART_Init	8	static
../Core/Src/main.c:416:13:MX_GPIO_Init	48	static
../Core/Src/main.c:450:6:Error_Handler	4	static,ignoring_inline_asm
