../Core/Src/../../../myLib/myLib.c:1:5:__io_putchar	16	static
../Core/Src/main.c:67:6:myDelay	24	static
../Core/Src/main.c:73:5:GetAdcValue	16	static
../Core/Src/main.c:84:6:noOp	4	static
../Core/Src/main.c:106:5:main	8	static
../Core/Src/main.c:173:6:SystemClock_Config	88	static
../Core/Src/main.c:220:13:MX_ADC1_Init	24	static
../Core/Src/main.c:282:13:MX_TIM3_Init	32	static
../Core/Src/main.c:327:13:MX_USART2_UART_Init	8	static
../Core/Src/main.c:358:13:MX_DMA_Init	16	static
../Core/Src/main.c:376:13:MX_GPIO_Init	48	static
../Core/Src/main.c:422:6:Error_Handler	4	static,ignoring_inline_asm
