../Core/Src/main.c:66:5:__io_putchar	16	static
../Core/Src/main.c:71:5:__io_getchar	16	static
../Core/Src/main.c:83:5:scanfEx1	32	static
../Core/Src/main.c:100:5:GetKey	8	static
../Core/Src/main.c:112:8:GetDmaData	16	static
../Core/Src/main.c:133:6:HAL_UART_RxCpltCallback	24	static
../Core/Src/main.c:168:6:HAL_TIM_PeriodElapsedCallback	24	static
../Core/Src/main.c:176:6:HAL_GPIO_EXTI_Callback	24	static
../Core/Src/main.c:189:6:LED_CONTROL	16	static
../Core/Src/main.c:219:5:main	8	static
../Core/Src/main.c:291:6:SystemClock_Config	88	static
../Core/Src/main.c:338:13:MX_TIM3_Init	32	static
../Core/Src/main.c:383:13:MX_USART1_UART_Init	8	static
../Core/Src/main.c:416:13:MX_USART2_UART_Init	8	static
../Core/Src/main.c:447:13:MX_DMA_Init	16	static
../Core/Src/main.c:465:13:MX_GPIO_Init	48	static
../Core/Src/main.c:509:6:Error_Handler	4	static,ignoring_inline_asm
