../Core/Src/main.c:66:5:__io_putchar	1
../Core/Src/main.c:71:5:__io_getchar	2
../Core/Src/main.c:83:5:scanfEx1	5
../Core/Src/main.c:100:5:GetKey	1
../Core/Src/main.c:112:8:GetDmaData	3
../Core/Src/main.c:133:6:HAL_UART_RxCpltCallback	10
../Core/Src/main.c:168:6:HAL_TIM_PeriodElapsedCallback	2
../Core/Src/main.c:176:6:HAL_GPIO_EXTI_Callback	3
../Core/Src/main.c:189:6:LED_CONTROL	8
../Core/Src/main.c:219:5:main	3
../Core/Src/main.c:291:6:SystemClock_Config	3
../Core/Src/main.c:338:13:MX_TIM3_Init	4
../Core/Src/main.c:383:13:MX_USART1_UART_Init	2
../Core/Src/main.c:416:13:MX_USART2_UART_Init	2
../Core/Src/main.c:447:13:MX_DMA_Init	1
../Core/Src/main.c:465:13:MX_GPIO_Init	1
../Core/Src/main.c:509:6:Error_Handler	1
